// Jest Snapshot v1, https://goo.gl/fbAQLP

exports[`<List /> should match snapshot 1`] = `
<DocumentFragment>
  <div
    class="sc-bczRLJ jeSLVl"
  >
    <label
      data-testid="input-label"
      for="name"
    >
      name
    </label>
    <input
      class="sc-gsnTZi eiayYQ"
      id="name"
      value="1"
    />
  </div>
</DocumentFragment>
`;
